c:\users\2409407\desktop\github\rhythm_dungeon\rhythm_dungeon\dungeon\x64\debug\vc143.pdb
c:\users\2409407\desktop\github\rhythm_dungeon\rhythm_dungeon\dungeon\x64\debug\vc143.idb
c:\users\2409407\desktop\github\rhythm_dungeon\rhythm_dungeon\dungeon\x64\debug\actor.obj
c:\users\2409407\desktop\github\rhythm_dungeon\rhythm_dungeon\dungeon\x64\debug\objecteditor.obj
c:\users\2409407\desktop\github\rhythm_dungeon\rhythm_dungeon\dungeon\x64\debug\mapeditor.obj
c:\users\2409407\desktop\github\rhythm_dungeon\rhythm_dungeon\dungeon\x64\debug\human.obj
c:\users\2409407\desktop\github\rhythm_dungeon\rhythm_dungeon\dungeon\x64\debug\sky.obj
c:\users\2409407\desktop\github\rhythm_dungeon\rhythm_dungeon\dungeon\x64\debug\installeditem.obj
c:\users\2409407\desktop\github\rhythm_dungeon\rhythm_dungeon\dungeon\x64\debug\goal.obj
c:\users\2409407\desktop\github\rhythm_dungeon\rhythm_dungeon\dungeon\x64\debug\block.obj
c:\users\2409407\desktop\github\rhythm_dungeon\rhythm_dungeon\dungeon\x64\debug\backgroundmanager.obj
c:\users\2409407\desktop\github\rhythm_dungeon\rhythm_dungeon\dungeon\x64\debug\enemy.obj
c:\users\2409407\desktop\github\rhythm_dungeon\rhythm_dungeon\dungeon\x64\debug\effekseer.obj
c:\users\2409407\desktop\github\rhythm_dungeon\rhythm_dungeon\dungeon\x64\debug\collisionmanager.obj
c:\users\2409407\desktop\github\rhythm_dungeon\rhythm_dungeon\dungeon\x64\debug\cat.obj
c:\users\2409407\desktop\github\rhythm_dungeon\rhythm_dungeon\dungeon\x64\debug\playcamera.obj
c:\users\2409407\desktop\github\rhythm_dungeon\rhythm_dungeon\dungeon\x64\debug\debugcamera.obj
c:\users\2409407\desktop\github\rhythm_dungeon\rhythm_dungeon\dungeon\x64\debug\cameramanager.obj
c:\users\2409407\desktop\github\rhythm_dungeon\rhythm_dungeon\dungeon\x64\debug\cameraeditor.obj
c:\users\2409407\desktop\github\rhythm_dungeon\rhythm_dungeon\dungeon\x64\debug\camerabase.obj
c:\users\2409407\desktop\github\rhythm_dungeon\rhythm_dungeon\dungeon\x64\debug\anime.obj
c:\users\2409407\desktop\github\rhythm_dungeon\rhythm_dungeon\dungeon\x64\debug\data.obj
c:\users\2409407\desktop\github\rhythm_dungeon\rhythm_dungeon\dungeon\x64\debug\main.obj
c:\users\2409407\desktop\github\rhythm_dungeon\rhythm_dungeon\dungeon\x64\debug\vector.obj
c:\users\2409407\desktop\github\rhythm_dungeon\rhythm_dungeon\dungeon\x64\debug\mymatrix.obj
c:\users\2409407\desktop\github\rhythm_dungeon\rhythm_dungeon\dungeon\x64\debug\mymath.obj
c:\users\2409407\desktop\github\rhythm_dungeon\rhythm_dungeon\dungeon\x64\debug\hit.obj
c:\users\2409407\desktop\github\rhythm_dungeon\rhythm_dungeon\dungeon\x64\debug\input.obj
c:\users\2409407\desktop\github\rhythm_dungeon\rhythm_dungeon\dungeon\x64\debug\frame.obj
c:\users\2409407\desktop\github\rhythm_dungeon\rhythm_dungeon\dungeon\x64\debug\fade.obj
c:\users\2409407\desktop\github\rhythm_dungeon\rhythm_dungeon\dungeon\x64\debug\soundmanager.obj
c:\users\2409407\desktop\github\rhythm_dungeon\rhythm_dungeon\dungeon\x64\debug\score.obj
c:\users\2409407\desktop\github\rhythm_dungeon\rhythm_dungeon\dungeon\x64\debug\scenetitle.obj
c:\users\2409407\desktop\github\rhythm_dungeon\rhythm_dungeon\dungeon\x64\debug\sceneselect.obj
c:\users\2409407\desktop\github\rhythm_dungeon\rhythm_dungeon\dungeon\x64\debug\scenemanager.obj
c:\users\2409407\desktop\github\rhythm_dungeon\rhythm_dungeon\dungeon\x64\debug\scenegame.obj
c:\users\2409407\desktop\github\rhythm_dungeon\rhythm_dungeon\dungeon\x64\debug\sceneclear.obj
c:\users\2409407\desktop\github\rhythm_dungeon\rhythm_dungeon\dungeon\x64\debug\object.obj
c:\users\2409407\desktop\github\rhythm_dungeon\rhythm_dungeon\x64\debug\dungeon.exe
c:\users\2409407\desktop\github\rhythm_dungeon\rhythm_dungeon\x64\debug\dungeon.pdb
c:\users\2409407\desktop\github\rhythm_dungeon\rhythm_dungeon\dungeon\x64\debug\dungeon.ilk
c:\users\2409407\desktop\github\rhythm_dungeon\rhythm_dungeon\dungeon\x64\debug\scenegameover.obj
c:\users\2409407\desktop\github\rhythm_dungeon\rhythm_dungeon\dungeon\x64\debug\dungeon.tlog\cl.command.1.tlog
c:\users\2409407\desktop\github\rhythm_dungeon\rhythm_dungeon\dungeon\x64\debug\dungeon.tlog\cl.items.tlog
c:\users\2409407\desktop\github\rhythm_dungeon\rhythm_dungeon\dungeon\x64\debug\dungeon.tlog\cl.read.1.tlog
c:\users\2409407\desktop\github\rhythm_dungeon\rhythm_dungeon\dungeon\x64\debug\dungeon.tlog\cl.write.1.tlog
c:\users\2409407\desktop\github\rhythm_dungeon\rhythm_dungeon\dungeon\x64\debug\dungeon.tlog\link.command.1.tlog
c:\users\2409407\desktop\github\rhythm_dungeon\rhythm_dungeon\dungeon\x64\debug\dungeon.tlog\link.read.1.tlog
c:\users\2409407\desktop\github\rhythm_dungeon\rhythm_dungeon\dungeon\x64\debug\dungeon.tlog\link.secondary.1.tlog
c:\users\2409407\desktop\github\rhythm_dungeon\rhythm_dungeon\dungeon\x64\debug\dungeon.tlog\link.write.1.tlog
